// Vitest Snapshot v1, https://vitest.dev/guide/snapshot.html

exports[`Navbar > matches snapshot in closed state 1`] = `
<DocumentFragment>
  <a
    class="sr-only focus:not-sr-only focus:absolute focus:top-4 focus:left-4 focus:z-[60] focus:px-4 focus:py-2 focus:bg-white focus:text-cornhole-navy focus:rounded-md focus:shadow-lg focus:ring-2 focus:ring-cornhole-navy focus:ring-offset-2"
    href="#main-content"
  >
    Skip to main content
  </a>
  <nav
    class="text-white shadow-lg top-0 z-50 safe-area-top relative bg-gradient-to-r from-[#0f2647] via-cornhole-navy to-[#1d4068] dark:from-gray-900 dark:via-gray-900 dark:to-gray-800"
  >
    <div
      class="container mx-auto px-4"
    >
      <div
        class="flex justify-between items-center py-2 md:py-1"
      >
        <div
          class="flex items-center"
        >
          <a
            class="flex items-center space-x-2 mr-3"
            data-discover="true"
            href="/"
          >
            <img
              alt="717Rec League Logo"
              class="size-8 object-contain"
              src="/lovable-uploads/faa54084-d274-43b9-9862-5544b188b4ca.png"
            />
            <span
              class="text-xl font-bebas tracking-wider"
            >
              717Rec
            </span>
          </a>
        </div>
        <div
          class="hidden md:flex items-center space-x-1"
        >
          <a
            aria-current="page"
            class="inline-flex items-center justify-center whitespace-nowrap rounded-md text-sm font-medium ring-offset-background transition-colors duration-150 focus-visible:outline-none focus-visible:ring-2 focus-visible:ring-ring focus-visible:ring-offset-2 disabled:pointer-events-none disabled:opacity-50 data-[state=open]:bg-accent data-[state=open]:text-muted-foreground hover:bg-accent hover:text-muted-foreground h-9 px-4 bg-white/20 dark:bg-slate-700 text-white dark:text-white"
            data-discover="true"
            href="/"
          >
            <svg
              aria-hidden="true"
              class="lucide lucide-house mr-2"
              fill="none"
              height="16"
              stroke="currentColor"
              stroke-linecap="round"
              stroke-linejoin="round"
              stroke-width="2.5"
              viewBox="0 0 24 24"
              width="16"
              xmlns="http://www.w3.org/2000/svg"
            >
              <path
                d="M15 21v-8a1 1 0 0 0-1-1h-4a1 1 0 0 0-1 1v8"
              />
              <path
                d="M3 10a2 2 0 0 1 .709-1.528l7-6a2 2 0 0 1 2.582 0l7 6A2 2 0 0 1 21 10v9a2 2 0 0 1-2 2H5a2 2 0 0 1-2-2z"
              />
            </svg>
            <span
              class=""
            >
              Home
            </span>
          </a>
          <a
            class="inline-flex items-center justify-center whitespace-nowrap rounded-md text-sm font-medium ring-offset-background transition-colors duration-150 focus-visible:outline-none focus-visible:ring-2 focus-visible:ring-ring focus-visible:ring-offset-2 disabled:pointer-events-none disabled:opacity-50 data-[state=open]:bg-accent data-[state=open]:text-muted-foreground hover:bg-accent hover:text-muted-foreground h-9 px-4"
            data-discover="true"
            href="/teams"
          >
            <svg
              aria-hidden="true"
              class="lucide lucide-users mr-2"
              fill="none"
              height="16"
              stroke="currentColor"
              stroke-linecap="round"
              stroke-linejoin="round"
              stroke-width="2"
              viewBox="0 0 24 24"
              width="16"
              xmlns="http://www.w3.org/2000/svg"
            >
              <path
                d="M16 21v-2a4 4 0 0 0-4-4H6a4 4 0 0 0-4 4v2"
              />
              <path
                d="M16 3.128a4 4 0 0 1 0 7.744"
              />
              <path
                d="M22 21v-2a4 4 0 0 0-3-3.87"
              />
              <circle
                cx="9"
                cy="7"
                r="4"
              />
            </svg>
            <span
              class=""
            >
              Teams
            </span>
          </a>
          <a
            class="inline-flex items-center justify-center whitespace-nowrap rounded-md text-sm font-medium ring-offset-background transition-colors duration-150 focus-visible:outline-none focus-visible:ring-2 focus-visible:ring-ring focus-visible:ring-offset-2 disabled:pointer-events-none disabled:opacity-50 data-[state=open]:bg-accent data-[state=open]:text-muted-foreground hover:bg-accent hover:text-muted-foreground h-9 px-4"
            data-discover="true"
            href="/schedule"
          >
            <svg
              aria-hidden="true"
              class="lucide lucide-calendar mr-2"
              fill="none"
              height="16"
              stroke="currentColor"
              stroke-linecap="round"
              stroke-linejoin="round"
              stroke-width="2"
              viewBox="0 0 24 24"
              width="16"
              xmlns="http://www.w3.org/2000/svg"
            >
              <path
                d="M8 2v4"
              />
              <path
                d="M16 2v4"
              />
              <rect
                height="18"
                rx="2"
                width="18"
                x="3"
                y="4"
              />
              <path
                d="M3 10h18"
              />
            </svg>
            <span
              class=""
            >
              Schedule
            </span>
          </a>
          <a
            class="inline-flex items-center justify-center whitespace-nowrap rounded-md text-sm font-medium ring-offset-background transition-colors duration-150 focus-visible:outline-none focus-visible:ring-2 focus-visible:ring-ring focus-visible:ring-offset-2 disabled:pointer-events-none disabled:opacity-50 data-[state=open]:bg-accent data-[state=open]:text-muted-foreground hover:bg-accent hover:text-muted-foreground h-9 px-4"
            data-discover="true"
            href="/stats"
          >
            <svg
              aria-hidden="true"
              class="lucide lucide-chart-column mr-2"
              fill="none"
              height="16"
              stroke="currentColor"
              stroke-linecap="round"
              stroke-linejoin="round"
              stroke-width="2"
              viewBox="0 0 24 24"
              width="16"
              xmlns="http://www.w3.org/2000/svg"
            >
              <path
                d="M3 3v16a2 2 0 0 0 2 2h16"
              />
              <path
                d="M18 17V9"
              />
              <path
                d="M13 17V5"
              />
              <path
                d="M8 17v-3"
              />
            </svg>
            <span
              class=""
            >
              Standings
            </span>
          </a>
          <a
            class="inline-flex items-center justify-center whitespace-nowrap rounded-md text-sm font-medium ring-offset-background transition-colors duration-150 focus-visible:outline-none focus-visible:ring-2 focus-visible:ring-ring focus-visible:ring-offset-2 disabled:pointer-events-none disabled:opacity-50 data-[state=open]:bg-accent data-[state=open]:text-muted-foreground hover:bg-accent hover:text-muted-foreground h-9 px-4"
            data-discover="true"
            href="/playoffs"
          >
            <svg
              aria-hidden="true"
              class="lucide lucide-trophy mr-2"
              fill="none"
              height="16"
              stroke="currentColor"
              stroke-linecap="round"
              stroke-linejoin="round"
              stroke-width="2"
              viewBox="0 0 24 24"
              width="16"
              xmlns="http://www.w3.org/2000/svg"
            >
              <path
                d="M10 14.66v1.626a2 2 0 0 1-.976 1.696A5 5 0 0 0 7 21.978"
              />
              <path
                d="M14 14.66v1.626a2 2 0 0 0 .976 1.696A5 5 0 0 1 17 21.978"
              />
              <path
                d="M18 9h1.5a1 1 0 0 0 0-5H18"
              />
              <path
                d="M4 22h16"
              />
              <path
                d="M6 9a6 6 0 0 0 12 0V3a1 1 0 0 0-1-1H7a1 1 0 0 0-1 1z"
              />
              <path
                d="M6 9H4.5a1 1 0 0 1 0-5H6"
              />
            </svg>
            <span
              class=""
            >
              Playoffs
            </span>
          </a>
          <a
            class="inline-flex items-center justify-center whitespace-nowrap rounded-md text-sm font-medium ring-offset-background transition-colors duration-150 focus-visible:outline-none focus-visible:ring-2 focus-visible:ring-ring focus-visible:ring-offset-2 disabled:pointer-events-none disabled:opacity-50 data-[state=open]:bg-accent data-[state=open]:text-muted-foreground hover:bg-accent hover:text-muted-foreground h-9 px-4"
            data-discover="true"
            href="/history"
          >
            <svg
              aria-hidden="true"
              class="lucide lucide-clock mr-2"
              fill="none"
              height="16"
              stroke="currentColor"
              stroke-linecap="round"
              stroke-linejoin="round"
              stroke-width="2"
              viewBox="0 0 24 24"
              width="16"
              xmlns="http://www.w3.org/2000/svg"
            >
              <circle
                cx="12"
                cy="12"
                r="10"
              />
              <path
                d="M12 6v6l4 2"
              />
            </svg>
            <span
              class=""
            >
              History
            </span>
          </a>
          <a
            class="inline-flex items-center justify-center whitespace-nowrap rounded-md text-sm font-medium ring-offset-background transition-colors duration-150 focus-visible:outline-none focus-visible:ring-2 focus-visible:ring-ring focus-visible:ring-offset-2 disabled:pointer-events-none disabled:opacity-50 data-[state=open]:bg-accent data-[state=open]:text-muted-foreground hover:bg-accent hover:text-muted-foreground h-9 px-4"
            data-discover="true"
            href="/message-board"
          >
            <svg
              aria-hidden="true"
              class="lucide lucide-message-square mr-2"
              fill="none"
              height="16"
              stroke="currentColor"
              stroke-linecap="round"
              stroke-linejoin="round"
              stroke-width="2"
              viewBox="0 0 24 24"
              width="16"
              xmlns="http://www.w3.org/2000/svg"
            >
              <path
                d="M22 17a2 2 0 0 1-2 2H6.828a2 2 0 0 0-1.414.586l-2.202 2.202A.71.71 0 0 1 2 21.286V5a2 2 0 0 1 2-2h16a2 2 0 0 1 2 2z"
              />
            </svg>
            <span
              class=""
            >
              Messages
            </span>
          </a>
          <a
            class="inline-flex items-center justify-center whitespace-nowrap rounded-md text-sm font-medium ring-offset-background transition-colors duration-150 focus-visible:outline-none focus-visible:ring-2 focus-visible:ring-ring focus-visible:ring-offset-2 disabled:pointer-events-none disabled:opacity-50 data-[state=open]:bg-accent data-[state=open]:text-muted-foreground hover:bg-accent hover:text-muted-foreground h-9 px-4"
            data-discover="true"
            href="/help"
          >
            <svg
              aria-hidden="true"
              class="lucide lucide-circle-question-mark mr-2"
              fill="none"
              height="16"
              stroke="currentColor"
              stroke-linecap="round"
              stroke-linejoin="round"
              stroke-width="2"
              viewBox="0 0 24 24"
              width="16"
              xmlns="http://www.w3.org/2000/svg"
            >
              <circle
                cx="12"
                cy="12"
                r="10"
              />
              <path
                d="M9.09 9a3 3 0 0 1 5.83 1c0 2-3 3-3 3"
              />
              <path
                d="M12 17h.01"
              />
            </svg>
            <span
              class=""
            >
              Help
            </span>
          </a>
          <a
            class="inline-flex items-center justify-center whitespace-nowrap rounded-md text-sm font-medium ring-offset-background transition-colors duration-150 focus-visible:outline-none focus-visible:ring-2 focus-visible:ring-ring focus-visible:ring-offset-2 disabled:pointer-events-none disabled:opacity-50 data-[state=open]:bg-accent data-[state=open]:text-muted-foreground hover:bg-accent hover:text-muted-foreground h-9 px-4"
            data-discover="true"
            href="/contact"
          >
            <svg
              aria-hidden="true"
              class="lucide lucide-mail mr-2"
              fill="none"
              height="16"
              stroke="currentColor"
              stroke-linecap="round"
              stroke-linejoin="round"
              stroke-width="2"
              viewBox="0 0 24 24"
              width="16"
              xmlns="http://www.w3.org/2000/svg"
            >
              <path
                d="m22 7-8.991 5.727a2 2 0 0 1-2.009 0L2 7"
              />
              <rect
                height="16"
                rx="2"
                width="20"
                x="2"
                y="4"
              />
            </svg>
            <span
              class=""
            >
              Contact
            </span>
          </a>
          <div
            data-testid="nav-actions"
          >
            actions-default
          </div>
        </div>
        <div
          class="md:hidden"
          style="min-width: 120px; min-height: 44px;"
        >
          <div
            class="flex items-center justify-end gap-2"
          >
            <div
              data-testid="nav-actions"
            >
              actions-sm
            </div>
            <button
              aria-label="Open menu"
              class="inline-flex items-center justify-center gap-2 whitespace-nowrap rounded-input text-sm font-medium ring-offset-background transition-all duration-200 focus-visible:outline-none focus-visible:ring-2 focus-visible:ring-ring focus-visible:ring-offset-2 disabled:pointer-events-none disabled:opacity-50 [&_svg]:pointer-events-none [&_svg]:size-4 [&_svg]:shrink-0 touch-manipulation hover:bg-accent hover:text-accent-foreground size-10 text-white min-h-11 min-w-11"
              style="width: 44px; height: 44px;"
            >
              <div
                animate="[object Object]"
                transition="[object Object]"
              >
                <svg
                  aria-hidden="true"
                  class="lucide lucide-menu size-6"
                  fill="none"
                  height="24"
                  stroke="currentColor"
                  stroke-linecap="round"
                  stroke-linejoin="round"
                  stroke-width="2"
                  viewBox="0 0 24 24"
                  width="24"
                  xmlns="http://www.w3.org/2000/svg"
                >
                  <path
                    d="M4 5h16"
                  />
                  <path
                    d="M4 12h16"
                  />
                  <path
                    d="M4 19h16"
                  />
                </svg>
              </div>
            </button>
          </div>
        </div>
      </div>
    </div>
  </nav>
</DocumentFragment>
`;
